// Jest Snapshot v1, https://goo.gl/fbAQLP

exports[`expect homepage to match working snapshot 1`] = `
<main>
  <div
    className="container-fluid"
  >
    <div
      className="row"
    >
      <div
        className="col-6 pt-5 mt-5"
      >
        <p
          className="calculator-text pt-5 mt-5 ps-5 animate__animated animate__zoomInUp"
        >
          Let‘s do some math ==&gt;
        </p>
      </div>
      <div
        className="col-6 d-flex justify-content-center pt-5 mt-5"
      >
        <div
          className="calculator-container animate__animated animate__rubberBand"
        >
          <div
            className="calculator-display animate__animated animate__bounceInRight"
            onChange={[Function]}
          >
            <h1>
              0
            </h1>
          </div>
          <div
            className="calculator-keys animate__animated animate__bounce"
          >
            <button
              name="+/-"
              onClick={[Function]}
              type="button"
            >
              +/-
            </button>
            <button
              name="AC"
              onClick={[Function]}
              type="button"
            >
              AC
            </button>
            <button
              name="%"
              onClick={[Function]}
              type="button"
            >
              %
            </button>
            <button
              className="bg-orange"
              name="÷"
              onClick={[Function]}
              type="button"
            >
              ÷
            </button>
            <button
              name="7"
              onClick={[Function]}
              type="button"
            >
              7
            </button>
            <button
              name="8"
              onClick={[Function]}
              type="button"
            >
              8
            </button>
            <button
              name="9"
              onClick={[Function]}
              type="button"
            >
              9
            </button>
            <button
              className="bg-orange"
              name="x"
              onClick={[Function]}
              type="button"
            >
              ×
            </button>
            <button
              name="4"
              onClick={[Function]}
              type="button"
            >
              4
            </button>
            <button
              name="5"
              onClick={[Function]}
              type="button"
            >
              5
            </button>
            <button
              name="6"
              onClick={[Function]}
              type="button"
            >
              6
            </button>
            <button
              className="bg-orange"
              name="-"
              onClick={[Function]}
              type="button"
            >
              -
            </button>
            <button
              name="1"
              onClick={[Function]}
              type="button"
            >
              1
            </button>
            <button
              name="2"
              onClick={[Function]}
              type="button"
            >
              2
            </button>
            <button
              name="3"
              onClick={[Function]}
              type="button"
            >
              3
            </button>
            <button
              className="bg-orange"
              name="+"
              onClick={[Function]}
              type="button"
            >
              +
            </button>
            <button
              className="span-2"
              name="0"
              onClick={[Function]}
              type="button"
            >
              0
            </button>
            <button
              name="."
              onClick={[Function]}
              type="button"
            >
              .
            </button>
            <button
              className="bg-orange"
              name="="
              onClick={[Function]}
              type="button"
            >
              =
            </button>
          </div>
        </div>
      </div>
    </div>
  </div>
</main>
`;
